
=================================== ERRORS ====================================
_____________________ ERROR collecting tests/test_api.py ______________________
ImportError while importing test module 'C:\Users\Manjeet\Downloads\ai project\tests\test_api.py'.
Hint: make sure your test modules/packages have valid Python names.
Traceback:
app\services\generation_service.py:11: in import_generation_dependencies
    from langchain.llms import OpenAI
E   ModuleNotFoundError: No module named 'langchain.llms'

The above exception was the direct cause of the following exception:
D:\New folder\Lib\importlib\__init__.py:90: in import_module
    return _bootstrap._gcd_import(name[level:], package, level)
tests\test_api.py:3: in <module>
    from app.main import app
app\main.py:4: in <module>
    from app.api.routes import router
app\api\routes.py:33: in <module>
    generation_service = GenerationService()
app\services\generation_service.py:43: in __init__
    OpenAI = import_generation_dependencies()
app\services\generation_service.py:14: in import_generation_dependencies
    raise ImportError(
E   ImportError: Generation dependencies are not installed. Install langchain and OpenAI-compatible libraries.
------------------------------- Captured stderr -------------------------------
Warning: You are sending unauthenticated requests to the HF Hub. Please set a HF_TOKEN to enable higher rate limits and faster downloads.\n\rLoading weights:   0%|          | 0/199 [00:00<?, ?it/s]\rLoading weights: 100%|\u2588\u2588\u2588\u2588\u2588\u2588\u2588\u2588\u2588\u2588| 199/199 [00:00<00:00, 2139.63it/s]\n2026-06-05 19:43:19,794 | INFO | ambitio_ai_platform | Initialized Chroma vector store at ./data/chroma\n\rLoading weights:   0%|          | 0/199 [00:00<?, ?it/s]\rLoading weights: 100%|\u2588\u2588\u2588\u2588\u2588\u2588\u2588\u2588\u2588\u2588| 199/199 [00:00<00:00, 4166.04it/s]\n2026-06-05 19:43:26,862 | INFO | ambitio_ai_platform | Initialized Chroma vector store at ./data/chroma
============================== warnings summary ===============================
app\services\embedding_service.py:38
  C:\Users\Manjeet\Downloads\ai project\app\services\embedding_service.py:38: LangChainDeprecationWarning: The class `HuggingFaceEmbeddings` was deprecated in LangChain 0.2.2 and will be removed in 1.0. An updated version of the class exists in the `langchain-huggingface package and should be used instead. To use it run `pip install -U `langchain-huggingface` and import as `from `langchain_huggingface import HuggingFaceEmbeddings``.
    embeddings = SentenceTransformerEmbeddings(model_name=self.embedding_model_name)

app\services\embedding_service.py:40
  C:\Users\Manjeet\Downloads\ai project\app\services\embedding_service.py:40: LangChainDeprecationWarning: The class `Chroma` was deprecated in LangChain 0.2.9 and will be removed in 1.0. An updated version of the class exists in the `langchain-chroma package and should be used instead. To use it run `pip install -U `langchain-chroma` and import as `from `langchain_chroma import Chroma``.
    self.vector_store = Chroma(

-- Docs: https://docs.pytest.org/en/stable/how-to/capture-warnings.html
=========================== short test summary info ===========================
ERROR tests/test_api.py
!!!!!!!!!!!!!!!!!!! Interrupted: 1 error during collection !!!!!!!!!!!!!!!!!!!!
2 warnings, 1 error in 190.13s (0:03:10)
